IQ-TREE version 3.1.3 for Linux x86 64-bit built Jul 26 2026
Developed by Bui Quang Minh, Thomas Wong, Nhan Ly-Trong, Huaiyan Ren
Contributed by Lam-Tung Nguyen, Dominik Schrempf, Chris Bielow,
Olga Chernomor, Michael Woodhams, Diep Thi Hoang, Heiko Schmidt

Host:    photobacterium-vm (AVX2, FMA3, 31 GB RAM)
Command: iqtree -s /home/musakromah_mk86/photobacterium-hdc-project/results/reproducibility/Photobacterium_HDC2_final497_reconstructed_aligned.faa -m MFP -B 1000 --alrt 1000 -T AUTO -seed 20260927 -pre /home/musakromah_mk86/photobacterium-hdc-project/results/reproducibility/IQTREE/HDC2/Photobacterium_HDC2_primary36_reconstructed -redo
Seed:    20260927 (Using SPRNG - Scalable Parallel Random Number Generator)
Time:    Sat Sep 26 23:28:08 2026
Kernel:  AVX+FMA - auto-detect threads (8 CPU cores detected)

Reading alignment file /home/musakromah_mk86/photobacterium-hdc-project/results/reproducibility/Photobacterium_HDC2_final497_reconstructed_aligned.faa ... Fasta format detected
Reading fasta file: done in 0.00065589 secs using 56.87% CPU
Alignment most likely contains protein sequences
Constructing alignment: done in 0.00208282 secs using 786.6% CPU
Alignment has 36 sequences with 771 columns, 177 distinct patterns
61 parsimony-informative, 73 singleton sites, 637 constant sites
                                                                     Gap/Ambiguity  Composition  p-value
Analyzing sequences: done in 1.71661e-05 secs using 69.91% CPU
   1  GCF_000613045.3|WP_054262195.1|Photobacterium_kishitanii|ANT-2200      0.00%    passed    100.00%
   2  GCF_001676135.1|WP_065193859.1|Photobacterium_phosphoreum|AK-3         0.13%    passed    100.00%
   3  GCF_001676195.1|WP_065194415.1|Photobacterium_phosphoreum|FS1_1        0.13%    passed    100.00%
   4  GCF_001676275.1|WP_202908000.1|Photobacterium_phosphoreum|FS3_1       11.80%    passed     99.82%
   5  GCF_003025775.1|WP_107303299.1|Photobacterium_phosphoreum|FS-4.2       0.13%    passed    100.00%
   6  GCF_003025795.1|WP_065194415.1|Photobacterium_phosphoreum|FS-2.1       0.13%    passed    100.00%
   7  GCF_003025815.1|WP_338090079.1|Photobacterium_phosphoreum|FS-1.2       0.91%    passed    100.00%
   8  GCF_003025855.1|WP_065194415.1|Photobacterium_phosphoreum|FS-1.1       0.13%    passed    100.00%
   9  GCF_003025875.1|WP_338133856.1|Photobacterium_phosphoreum|AK-8         0.78%    passed     99.15%
  10  GCF_003025935.1|WP_107226104.1|Photobacterium_kishitanii|FS-7.1        0.00%    passed    100.00%
  11  GCF_003025995.1|WP_054262195.1|Photobacterium_kishitanii|Og61          0.00%    passed    100.00%
  12  GCF_003026545.1|WP_065194415.1|Photobacterium_phosphoreum|FS-2.3       0.13%    passed    100.00%
  13  GCF_003026615.1|WP_065193859.1|Photobacterium_phosphoreum|AK-3         0.13%    passed    100.00%
  14  GCF_021236685.1|WP_065194415.1|Photobacterium_phosphoreum|TMW2.2130    0.13%    passed    100.00%
  15  GCF_021236705.1|WP_232573904.1|Photobacterium_phosphoreum|TMW2.2126    0.13%    passed    100.00%
  16  GCF_021236805.1|WP_232575933.1|Photobacterium_carnosum|TMW2.2187       0.00%    passed    100.00%
  17  GCF_021237025.1|WP_065194415.1|Photobacterium_phosphoreum|TMW22033     0.13%    passed    100.00%
  18  GCF_021237045.1|WP_065194415.1|Photobacterium_phosphoreum|TMW22034     0.13%    passed    100.00%
  19  GCF_036040135.1|WP_327777331.1|Photobacterium_toruni|S2MW2             0.26%    passed    100.00%
  20  GCF_059749295.1|WP_107303299.1|Photobacterium_phosphoreum              0.13%    passed    100.00%
  21  GCF_059749375.1|WP_065194415.1|Photobacterium_phosphoreum              0.13%    passed    100.00%
  22  GCF_059761445.1|WP_107303299.1|Photobacterium_phosphoreum              0.13%    passed    100.00%
  23  GCF_059761485.1|WP_107303299.1|Photobacterium_phosphoreum              0.13%    passed    100.00%
  24  GCF_059761525.1|WP_107303299.1|Photobacterium_phosphoreum              0.13%    passed    100.00%
  25  GCF_059761545.1|WP_498207788.1|Photobacterium_phosphoreum              0.13%    passed    100.00%
  26  GCF_059761565.1|WP_065194415.1|Photobacterium_phosphoreum              0.13%    passed    100.00%
  27  GCF_059761605.1|WP_498163305.1|Photobacterium_phosphoreum              2.85%    passed    100.00%
  28  GCF_059761625.1|WP_065194415.1|Photobacterium_phosphoreum              0.13%    passed    100.00%
  29  GCF_059761645.1|WP_065194415.1|Photobacterium_phosphoreum              0.13%    passed    100.00%
  30  GCF_059761705.1|WP_107303299.1|Photobacterium_phosphoreum              0.13%    passed    100.00%
  31  GCF_059761725.1|WP_413516788.1|Photobacterium_phosphoreum              0.13%    passed    100.00%
  32  GCF_059761745.1|WP_413516788.1|Photobacterium_phosphoreum              0.13%    passed    100.00%
  33  GCF_949787665.1|WP_107303299.1|Photobacterium_phosphoreum|MIP2473      0.13%    passed    100.00%
  34  GCF_965118505.1|WP_413516788.1|Photobacterium_phosphoreum|SF1731       0.13%    passed    100.00%
  35  GCF_965118525.1|WP_107303299.1|Photobacterium_phosphoreum|SF661-B      0.13%    passed    100.00%
  36  GCF_965119175.1|WP_413505860.1|Photobacterium_phosphoreum|MIP2569      0.13%    passed    100.00%
****  TOTAL                                                                  0.56%  0 sequences failed composition chi2 test (p-value<5%; df=19)
NOTE: GCF_003025995.1|WP_054262195.1|Photobacterium_kishitanii|Og61 is identical to GCF_000613045.3|WP_054262195.1|Photobacterium_kishitanii|ANT-2200 but kept for subsequent analysis
NOTE: GCF_003026615.1|WP_065193859.1|Photobacterium_phosphoreum|AK-3 is identical to GCF_001676135.1|WP_065193859.1|Photobacterium_phosphoreum|AK-3 but kept for subsequent analysis
NOTE: GCF_003025795.1|WP_065194415.1|Photobacterium_phosphoreum|FS-2.1 is identical to GCF_001676195.1|WP_065194415.1|Photobacterium_phosphoreum|FS1_1 but kept for subsequent analysis
NOTE: GCF_059749295.1|WP_107303299.1|Photobacterium_phosphoreum is identical to GCF_003025775.1|WP_107303299.1|Photobacterium_phosphoreum|FS-4.2 but kept for subsequent analysis
NOTE: GCF_059761745.1|WP_413516788.1|Photobacterium_phosphoreum is identical to GCF_059761725.1|WP_413516788.1|Photobacterium_phosphoreum but kept for subsequent analysis
Checking for duplicate sequences: done in 0.00029397 secs using 589.5% CPU
Identifying sites to remove: done in 0.000485897 secs using 678.3% CPU
NOTE: 16 identical sequences (see below) will be ignored for subsequent analysis
NOTE: GCF_003025855.1|WP_065194415.1|Photobacterium_phosphoreum|FS-1.1 (identical to GCF_001676195.1|WP_065194415.1|Photobacterium_phosphoreum|FS1_1) is ignored but added at the end
NOTE: GCF_003026545.1|WP_065194415.1|Photobacterium_phosphoreum|FS-2.3 (identical to GCF_001676195.1|WP_065194415.1|Photobacterium_phosphoreum|FS1_1) is ignored but added at the end
NOTE: GCF_021236685.1|WP_065194415.1|Photobacterium_phosphoreum|TMW2.2130 (identical to GCF_001676195.1|WP_065194415.1|Photobacterium_phosphoreum|FS1_1) is ignored but added at the end
NOTE: GCF_021237025.1|WP_065194415.1|Photobacterium_phosphoreum|TMW22033 (identical to GCF_001676195.1|WP_065194415.1|Photobacterium_phosphoreum|FS1_1) is ignored but added at the end
NOTE: GCF_021237045.1|WP_065194415.1|Photobacterium_phosphoreum|TMW22034 (identical to GCF_001676195.1|WP_065194415.1|Photobacterium_phosphoreum|FS1_1) is ignored but added at the end
NOTE: GCF_059749375.1|WP_065194415.1|Photobacterium_phosphoreum (identical to GCF_001676195.1|WP_065194415.1|Photobacterium_phosphoreum|FS1_1) is ignored but added at the end
NOTE: GCF_059761565.1|WP_065194415.1|Photobacterium_phosphoreum (identical to GCF_001676195.1|WP_065194415.1|Photobacterium_phosphoreum|FS1_1) is ignored but added at the end
NOTE: GCF_059761625.1|WP_065194415.1|Photobacterium_phosphoreum (identical to GCF_001676195.1|WP_065194415.1|Photobacterium_phosphoreum|FS1_1) is ignored but added at the end
NOTE: GCF_059761645.1|WP_065194415.1|Photobacterium_phosphoreum (identical to GCF_001676195.1|WP_065194415.1|Photobacterium_phosphoreum|FS1_1) is ignored but added at the end
NOTE: GCF_059761445.1|WP_107303299.1|Photobacterium_phosphoreum (identical to GCF_003025775.1|WP_107303299.1|Photobacterium_phosphoreum|FS-4.2) is ignored but added at the end
NOTE: GCF_059761485.1|WP_107303299.1|Photobacterium_phosphoreum (identical to GCF_003025775.1|WP_107303299.1|Photobacterium_phosphoreum|FS-4.2) is ignored but added at the end
NOTE: GCF_059761525.1|WP_107303299.1|Photobacterium_phosphoreum (identical to GCF_003025775.1|WP_107303299.1|Photobacterium_phosphoreum|FS-4.2) is ignored but added at the end
NOTE: GCF_059761705.1|WP_107303299.1|Photobacterium_phosphoreum (identical to GCF_003025775.1|WP_107303299.1|Photobacterium_phosphoreum|FS-4.2) is ignored but added at the end
NOTE: GCF_949787665.1|WP_107303299.1|Photobacterium_phosphoreum|MIP2473 (identical to GCF_003025775.1|WP_107303299.1|Photobacterium_phosphoreum|FS-4.2) is ignored but added at the end
NOTE: GCF_965118525.1|WP_107303299.1|Photobacterium_phosphoreum|SF661-B (identical to GCF_003025775.1|WP_107303299.1|Photobacterium_phosphoreum|FS-4.2) is ignored but added at the end
NOTE: GCF_965118505.1|WP_413516788.1|Photobacterium_phosphoreum|SF1731 (identical to GCF_059761725.1|WP_413516788.1|Photobacterium_phosphoreum) is ignored but added at the end
Alignment was printed to /home/musakromah_mk86/photobacterium-hdc-project/results/reproducibility/IQTREE/HDC2/Photobacterium_HDC2_primary36_reconstructed.uniqueseq.phy

For your convenience alignment with unique sequences printed to /home/musakromah_mk86/photobacterium-hdc-project/results/reproducibility/IQTREE/HDC2/Photobacterium_HDC2_primary36_reconstructed.uniqueseq.phy


Create initial parsimony tree by phylogenetic likelihood library (PLL)... 0.001 seconds
Measuring multi-threading efficiency up to 8 CPU cores
Increase to 10 rounds for branch lengths
144 trees examined
Threads: 1 / Time: 8.035 sec / Speedup: 1.000 / Efficiency: 100% / LogL: -3900
Threads: 2 / Time: 4.729 sec / Speedup: 1.699 / Efficiency: 85% / LogL: -3900
Threads: 3 / Time: 3.413 sec / Speedup: 2.354 / Efficiency: 78% / LogL: -3900
Threads: 4 / Time: 2.817 sec / Speedup: 2.852 / Efficiency: 71% / LogL: -3900
Threads: 5 / Time: 2.831 sec / Speedup: 2.838 / Efficiency: 57% / LogL: -3900
Threads: 6 / Time: 3.030 sec / Speedup: 2.652 / Efficiency: 44% / LogL: -3900
Determining AUTO threadcount: done in 24.8563 secs using 292% CPU
BEST NUMBER OF THREADS: 4

Perform fast likelihood tree search using LG+I+G model...
Estimate model parameters (epsilon = 5.000)
Perform nearest neighbor interchange...
Estimate model parameters (epsilon = 1.000)
1. Initial log-likelihood: -3337.305
Optimal log-likelihood: -3337.303
Proportion of invariable sites: 0.414
Gamma shape alpha: 2.134
Parameters optimization took 1 rounds (0.033 sec)
Time for fast ML tree search: 0.098 seconds

NOTE: ModelFinder requires 6 MB RAM!
ModelFinder will test up to 1232 protein models (sample size: 771 epsilon: 0.100) ...
 No. Model         -LnL         df  AIC          AICc         BIC
Akaike Information Criterion:           CPREV+F+I
Corrected Akaike Information Criterion: CPREV+F+I
Bayesian Information Criterion:         JTT+I
Best-fit model: JTT+I chosen according to BIC

All model information printed to /home/musakromah_mk86/photobacterium-hdc-project/results/reproducibility/IQTREE/HDC2/Photobacterium_HDC2_primary36_reconstructed.model.gz
CPU time for ModelFinder: 97.175 seconds (0h:1m:37s)
Wall-clock time for ModelFinder: 30.908 seconds (0h:0m:30s)
Generating 1000 samples for ultrafast bootstrap (seed: 20260927)...

NOTE: 1 MB RAM (0 GB) is required!
Estimate model parameters (epsilon = 0.100)
1. Initial log-likelihood: -3320.139
Optimal log-likelihood: -3320.085
Proportion of invariable sites: 0.542
Parameters optimization took 1 rounds (0.007 sec)
Wrote distance file to... 
Computing ML distances based on estimated model parameters...
Calculating distance matrix: done in 0.0042069 secs using 399.7% CPU
Computing ML distances took 0.004309 sec (of wall-clock time) 0.017140 sec (of CPU time)
Setting up auxiliary I and S matrices: done in 5.91278e-05 secs using 676.5% CPU
Constructing RapidNJ tree: done in 0.00041008 secs using 312.6% CPU
Computing RapidNJ tree took 0.000537 sec (of wall-clock time) 0.001875 sec (of CPU time)
Log-likelihood of RapidNJ tree: -3320.083
--------------------------------------------------------------------
|             INITIALIZING CANDIDATE TREE SET                      |
--------------------------------------------------------------------
Generating 98 parsimony trees... 0.109 second
Computing log-likelihood of 98 initial trees ... 0.160 seconds
Current best score: -3320.082

Do NNI search on 20 best initial trees
Estimate model parameters (epsilon = 0.100)
BETTER TREE FOUND at iteration 1: -3320.068
BETTER TREE FOUND at iteration 2: -3320.068
BETTER TREE FOUND at iteration 9: -3320.068
Iteration 10 / LogL: -3320.069 / Time: 0h:0m:31s
BETTER TREE FOUND at iteration 13: -3320.068
BETTER TREE FOUND at iteration 14: -3320.068
Iteration 20 / LogL: -3320.069 / Time: 0h:0m:31s
Finish initializing candidate tree set (20)
Current best tree score: -3320.068 / CPU time: 0.619
Number of iterations: 20
--------------------------------------------------------------------
|               OPTIMIZING CANDIDATE TREE SET                      |
--------------------------------------------------------------------
Iteration 30 / LogL: -3320.068 / Time: 0h:0m:31s (0h:0m:2s left)
Iteration 40 / LogL: -3320.070 / Time: 0h:0m:32s (0h:0m:2s left)
Iteration 50 / LogL: -3320.068 / Time: 0h:0m:32s (0h:0m:2s left)
Log-likelihood cutoff on original alignment: -3346.259
BETTER TREE FOUND at iteration 53: -3320.068
Iteration 60 / LogL: -3320.070 / Time: 0h:0m:32s (0h:0m:3s left)
Iteration 70 / LogL: -3320.072 / Time: 0h:0m:33s (0h:0m:2s left)
Iteration 80 / LogL: -3320.068 / Time: 0h:0m:33s (0h:0m:2s left)
BETTER TREE FOUND at iteration 90: -3320.068
Iteration 90 / LogL: -3320.068 / Time: 0h:0m:33s (0h:0m:3s left)
Iteration 100 / LogL: -3320.073 / Time: 0h:0m:34s (0h:0m:2s left)
Log-likelihood cutoff on original alignment: -3346.437
NOTE: Bootstrap correlation coefficient of split occurrence frequencies: 0.983
NOTE: UFBoot does not converge, continue at least 100 more iterations
Iteration 110 / LogL: -3320.072 / Time: 0h:0m:34s (0h:0m:3s left)
BETTER TREE FOUND at iteration 113: -3320.068
Iteration 120 / LogL: -3320.074 / Time: 0h:0m:34s (0h:0m:3s left)
Iteration 130 / LogL: -3339.969 / Time: 0h:0m:35s (0h:0m:2s left)
Iteration 140 / LogL: -3320.072 / Time: 0h:0m:35s (0h:0m:2s left)
Iteration 150 / LogL: -3320.073 / Time: 0h:0m:35s (0h:0m:2s left)
Log-likelihood cutoff on original alignment: -3347.059
Iteration 160 / LogL: -3320.070 / Time: 0h:0m:36s (0h:0m:1s left)
Iteration 170 / LogL: -3320.074 / Time: 0h:0m:36s (0h:0m:1s left)
Iteration 180 / LogL: -3320.069 / Time: 0h:0m:36s (0h:0m:1s left)
Iteration 190 / LogL: -3320.068 / Time: 0h:0m:37s (0h:0m:0s left)
Iteration 200 / LogL: -3320.076 / Time: 0h:0m:37s (0h:0m:0s left)
Log-likelihood cutoff on original alignment: -3348.999
NOTE: Bootstrap correlation coefficient of split occurrence frequencies: 0.990
NOTE: UFBoot does not converge, continue at least 100 more iterations
Iteration 210 / LogL: -3320.068 / Time: 0h:0m:38s (0h:0m:3s left)
BETTER TREE FOUND at iteration 213: -3320.068
Iteration 220 / LogL: -3320.075 / Time: 0h:0m:38s (0h:0m:3s left)
Iteration 230 / LogL: -3320.071 / Time: 0h:0m:38s (0h:0m:2s left)
Iteration 240 / LogL: -3320.072 / Time: 0h:0m:39s (0h:0m:2s left)
Iteration 250 / LogL: -3320.070 / Time: 0h:0m:39s (0h:0m:2s left)
Log-likelihood cutoff on original alignment: -3349.499
Iteration 260 / LogL: -3320.072 / Time: 0h:0m:39s (0h:0m:1s left)
Iteration 270 / LogL: -3320.069 / Time: 0h:0m:40s (0h:0m:1s left)
Iteration 280 / LogL: -3320.068 / Time: 0h:0m:40s (0h:0m:1s left)
Iteration 290 / LogL: -3325.110 / Time: 0h:0m:40s (0h:0m:0s left)
Iteration 300 / LogL: -3320.072 / Time: 0h:0m:41s (0h:0m:0s left)
Log-likelihood cutoff on original alignment: -3349.134
NOTE: Bootstrap correlation coefficient of split occurrence frequencies: 0.983
NOTE: UFBoot does not converge, continue at least 100 more iterations
Iteration 310 / LogL: -3325.110 / Time: 0h:0m:41s (0h:0m:3s left)
Iteration 320 / LogL: -3320.070 / Time: 0h:0m:41s (0h:0m:2s left)
Iteration 330 / LogL: -3320.069 / Time: 0h:0m:42s (0h:0m:2s left)
Iteration 340 / LogL: -3320.069 / Time: 0h:0m:42s (0h:0m:2s left)
Iteration 350 / LogL: -3320.069 / Time: 0h:0m:42s (0h:0m:1s left)
Log-likelihood cutoff on original alignment: -3349.669
Iteration 360 / LogL: -3320.071 / Time: 0h:0m:43s (0h:0m:1s left)
Iteration 370 / LogL: -3320.068 / Time: 0h:0m:43s (0h:0m:1s left)
Iteration 380 / LogL: -3320.069 / Time: 0h:0m:43s (0h:0m:0s left)
BETTER TREE FOUND at iteration 383: -3320.068
Iteration 390 / LogL: -3320.070 / Time: 0h:0m:44s (0h:0m:3s left)
Iteration 400 / LogL: -3320.068 / Time: 0h:0m:44s (0h:0m:2s left)
Log-likelihood cutoff on original alignment: -3349.669
NOTE: Bootstrap correlation coefficient of split occurrence frequencies: 0.985
NOTE: UFBoot does not converge, continue at least 100 more iterations
Iteration 410 / LogL: -3320.071 / Time: 0h:0m:45s (0h:0m:3s left)
Iteration 420 / LogL: -3320.069 / Time: 0h:0m:45s (0h:0m:2s left)
Iteration 430 / LogL: -3320.072 / Time: 0h:0m:45s (0h:0m:2s left)
BETTER TREE FOUND at iteration 439: -3320.068
Iteration 440 / LogL: -3320.072 / Time: 0h:0m:46s (0h:0m:3s left)
Iteration 450 / LogL: -3320.070 / Time: 0h:0m:46s (0h:0m:3s left)
Log-likelihood cutoff on original alignment: -3349.669
Iteration 460 / LogL: -3320.070 / Time: 0h:0m:47s (0h:0m:2s left)
BETTER TREE FOUND at iteration 462: -3320.068
Iteration 470 / LogL: -3320.071 / Time: 0h:0m:47s (0h:0m:3s left)
BETTER TREE FOUND at iteration 478: -3320.068
Iteration 480 / LogL: -3328.456 / Time: 0h:0m:47s (0h:0m:3s left)
Iteration 490 / LogL: -3320.070 / Time: 0h:0m:48s (0h:0m:3s left)
Iteration 500 / LogL: -3320.070 / Time: 0h:0m:48s (0h:0m:2s left)
Log-likelihood cutoff on original alignment: -3349.669
NOTE: Bootstrap correlation coefficient of split occurrence frequencies: 0.985
NOTE: UFBoot does not converge, continue at least 100 more iterations
Iteration 510 / LogL: -3320.071 / Time: 0h:0m:48s (0h:0m:3s left)
Iteration 520 / LogL: -3320.070 / Time: 0h:0m:49s (0h:0m:2s left)
Iteration 530 / LogL: -3320.072 / Time: 0h:0m:49s (0h:0m:2s left)
Iteration 540 / LogL: -3320.070 / Time: 0h:0m:50s (0h:0m:2s left)
Iteration 550 / LogL: -3320.071 / Time: 0h:0m:50s (0h:0m:1s left)
Log-likelihood cutoff on original alignment: -3350.388
Iteration 560 / LogL: -3320.070 / Time: 0h:0m:50s (0h:0m:1s left)
Iteration 570 / LogL: -3320.068 / Time: 0h:0m:51s (0h:0m:1s left)
Iteration 580 / LogL: -3320.070 / Time: 0h:0m:51s (0h:0m:0s left)
Iteration 590 / LogL: -3320.071 / Time: 0h:0m:52s (0h:0m:0s left)
Iteration 600 / LogL: -3325.106 / Time: 0h:0m:52s (0h:0m:0s left)
Log-likelihood cutoff on original alignment: -3351.197
NOTE: Bootstrap correlation coefficient of split occurrence frequencies: 0.983
NOTE: UFBoot does not converge, continue at least 100 more iterations
Iteration 610 / LogL: -3320.069 / Time: 0h:0m:52s (0h:0m:3s left)
Iteration 620 / LogL: -3320.070 / Time: 0h:0m:53s (0h:0m:2s left)
Iteration 630 / LogL: -3320.068 / Time: 0h:0m:53s (0h:0m:2s left)
Iteration 640 / LogL: -3320.071 / Time: 0h:0m:54s (0h:0m:2s left)
Iteration 650 / LogL: -3320.072 / Time: 0h:0m:54s (0h:0m:1s left)
Log-likelihood cutoff on original alignment: -3351.633
Iteration 660 / LogL: -3320.073 / Time: 0h:0m:54s (0h:0m:1s left)
Iteration 670 / LogL: -3387.409 / Time: 0h:0m:55s (0h:0m:1s left)
Iteration 680 / LogL: -3320.068 / Time: 0h:0m:55s (0h:0m:0s left)
Iteration 690 / LogL: -3320.070 / Time: 0h:0m:56s (0h:0m:0s left)
Iteration 700 / LogL: -3320.068 / Time: 0h:0m:56s (0h:0m:0s left)
Log-likelihood cutoff on original alignment: -3351.633
NOTE: Bootstrap correlation coefficient of split occurrence frequencies: 0.979
NOTE: UFBoot does not converge, continue at least 100 more iterations
Iteration 710 / LogL: -3320.069 / Time: 0h:0m:56s (0h:0m:3s left)
Iteration 720 / LogL: -3320.069 / Time: 0h:0m:57s (0h:0m:2s left)
Iteration 730 / LogL: -3320.070 / Time: 0h:0m:57s (0h:0m:2s left)
Iteration 740 / LogL: -3320.073 / Time: 0h:0m:58s (0h:0m:2s left)
Iteration 750 / LogL: -3320.071 / Time: 0h:0m:58s (0h:0m:1s left)
Log-likelihood cutoff on original alignment: -3352.896
Iteration 760 / LogL: -3320.071 / Time: 0h:0m:59s (0h:0m:1s left)
BETTER TREE FOUND at iteration 763: -3320.068
Iteration 770 / LogL: -3320.071 / Time: 0h:0m:59s (0h:0m:3s left)
BETTER TREE FOUND at iteration 780: -3320.068
Iteration 780 / LogL: -3320.068 / Time: 0h:0m:59s (0h:0m:3s left)
Iteration 790 / LogL: -3320.069 / Time: 0h:1m:0s (0h:0m:3s left)
Iteration 800 / LogL: -3325.108 / Time: 0h:1m:0s (0h:0m:2s left)
Log-likelihood cutoff on original alignment: -3353.792
NOTE: Bootstrap correlation coefficient of split occurrence frequencies: 0.977
NOTE: UFBoot does not converge, continue at least 100 more iterations
Iteration 810 / LogL: -3320.072 / Time: 0h:1m:1s (0h:0m:3s left)
Iteration 820 / LogL: -3325.676 / Time: 0h:1m:1s (0h:0m:2s left)
Iteration 830 / LogL: -3343.604 / Time: 0h:1m:1s (0h:0m:2s left)
Iteration 840 / LogL: -3320.071 / Time: 0h:1m:2s (0h:0m:2s left)
Iteration 850 / LogL: -3320.070 / Time: 0h:1m:2s (0h:0m:1s left)
Log-likelihood cutoff on original alignment: -3352.896
Iteration 860 / LogL: -3320.073 / Time: 0h:1m:3s (0h:0m:1s left)
Iteration 870 / LogL: -3320.068 / Time: 0h:1m:3s (0h:0m:1s left)
Iteration 880 / LogL: -3320.072 / Time: 0h:1m:4s (0h:0m:0s left)
Iteration 890 / LogL: -3320.069 / Time: 0h:1m:4s (0h:0m:0s left)
Iteration 900 / LogL: -3320.071 / Time: 0h:1m:4s (0h:0m:0s left)
Log-likelihood cutoff on original alignment: -3352.896
NOTE: Bootstrap correlation coefficient of split occurrence frequencies: 0.977
NOTE: UFBoot does not converge, continue at least 100 more iterations
Iteration 910 / LogL: -3320.068 / Time: 0h:1m:5s (0h:0m:3s left)
Iteration 920 / LogL: -3320.071 / Time: 0h:1m:5s (0h:0m:3s left)
Iteration 930 / LogL: -3320.069 / Time: 0h:1m:6s (0h:0m:2s left)
Iteration 940 / LogL: -3325.107 / Time: 0h:1m:6s (0h:0m:2s left)
Iteration 950 / LogL: -3320.070 / Time: 0h:1m:7s (0h:0m:1s left)
Log-likelihood cutoff on original alignment: -3353.729
Iteration 960 / LogL: -3320.070 / Time: 0h:1m:7s (0h:0m:1s left)
Iteration 970 / LogL: -3320.069 / Time: 0h:1m:7s (0h:0m:1s left)
Iteration 980 / LogL: -3320.070 / Time: 0h:1m:8s (0h:0m:0s left)
Iteration 990 / LogL: -3320.069 / Time: 0h:1m:8s (0h:0m:0s left)
Iteration 1000 / LogL: -3320.071 / Time: 0h:1m:9s (0h:0m:0s left)
Log-likelihood cutoff on original alignment: -3354.868
NOTE: Bootstrap correlation coefficient of split occurrence frequencies: 0.979
NOTE: UFBoot does not converge, continue at least 100 more iterations
WARNING: bootstrap analysis did not converge. You should rerun with higher number of iterations (-nm option)
TREE SEARCH COMPLETED AFTER 1001 ITERATIONS / Time: 0h:1m:9s

--------------------------------------------------------------------
|                    FINALIZING TREE SEARCH                        |
--------------------------------------------------------------------
Performs final model parameters optimization
Estimate model parameters (epsilon = 0.010)
1. Initial log-likelihood: -3320.068
Optimal log-likelihood: -3320.068
Proportion of invariable sites: 0.543
Parameters optimization took 1 rounds (0.004 sec)
BEST SCORE FOUND : -3320.068

Testing tree branches by SH-like aLRT with 1000 replicates...
0.087 sec.
Creating bootstrap support values...
Split supports printed to NEXUS file /home/musakromah_mk86/photobacterium-hdc-project/results/reproducibility/IQTREE/HDC2/Photobacterium_HDC2_primary36_reconstructed.splits.nex
Total tree length: 0.227

Total number of iterations: 1001
CPU time used for tree search: 152.524 sec (0h:2m:32s)
Wall-clock time used for tree search: 38.395 sec (0h:0m:38s)
Total CPU time used: 250.547 sec (0h:4m:10s)
Total wall-clock time used: 69.515 sec (0h:1m:9s)

Computing bootstrap consensus tree...
Reading input file /home/musakromah_mk86/photobacterium-hdc-project/results/reproducibility/IQTREE/HDC2/Photobacterium_HDC2_primary36_reconstructed.splits.nex...
20 taxa and 367 splits.
Consensus tree written to /home/musakromah_mk86/photobacterium-hdc-project/results/reproducibility/IQTREE/HDC2/Photobacterium_HDC2_primary36_reconstructed.contree
Reading input trees file /home/musakromah_mk86/photobacterium-hdc-project/results/reproducibility/IQTREE/HDC2/Photobacterium_HDC2_primary36_reconstructed.contree
Log-likelihood of consensus tree: -3320.088

Analysis results written to: 
  IQ-TREE report:                /home/musakromah_mk86/photobacterium-hdc-project/results/reproducibility/IQTREE/HDC2/Photobacterium_HDC2_primary36_reconstructed.iqtree
  Maximum-likelihood tree:       /home/musakromah_mk86/photobacterium-hdc-project/results/reproducibility/IQTREE/HDC2/Photobacterium_HDC2_primary36_reconstructed.treefile
  Likelihood distances:          /home/musakromah_mk86/photobacterium-hdc-project/results/reproducibility/IQTREE/HDC2/Photobacterium_HDC2_primary36_reconstructed.mldist

Ultrafast bootstrap approximation results written to:
  Split support values:          /home/musakromah_mk86/photobacterium-hdc-project/results/reproducibility/IQTREE/HDC2/Photobacterium_HDC2_primary36_reconstructed.splits.nex
  Consensus tree:                /home/musakromah_mk86/photobacterium-hdc-project/results/reproducibility/IQTREE/HDC2/Photobacterium_HDC2_primary36_reconstructed.contree
  Screen log file:               /home/musakromah_mk86/photobacterium-hdc-project/results/reproducibility/IQTREE/HDC2/Photobacterium_HDC2_primary36_reconstructed.log

Date and Time: Sat Sep 26 23:29:18 2026
