IQ-TREE version 3.1.3 for Linux x86 64-bit built Jul 26 2026
Developed by Bui Quang Minh, Thomas Wong, Nhan Ly-Trong, Huaiyan Ren
Contributed by Lam-Tung Nguyen, Dominik Schrempf, Chris Bielow,
Olga Chernomor, Michael Woodhams, Diep Thi Hoang, Heiko Schmidt

Host:    photobacterium-vm (AVX2, FMA3, 31 GB RAM)
Command: iqtree -s results/gene_phylogeny/Photobacterium_HDC2_final497_aligned.faa -m MFP -B 1000 --alrt 1000 -T AUTO -pre results/gene_phylogeny/HDC2_IQTREE/Photobacterium_HDC2_primary36
Seed:    880829 (Using SPRNG - Scalable Parallel Random Number Generator)
Time:    Sat Sep 19 21:01:08 2026
Kernel:  AVX+FMA - auto-detect threads (8 CPU cores detected)

Reading alignment file results/gene_phylogeny/Photobacterium_HDC2_final497_aligned.faa ... Fasta format detected
Reading fasta file: done in 0.00150704 secs using 54.94% CPU
Alignment most likely contains protein sequences
Constructing alignment: done in 0.00211501 secs using 656.7% CPU
Alignment has 36 sequences with 771 columns, 177 distinct patterns
61 parsimony-informative, 73 singleton sites, 637 constant sites
                                                                     Gap/Ambiguity  Composition  p-value
Analyzing sequences: done in 2.5034e-05 secs using 87.88% CPU
   1  GCF_000613045.3|WP_054262195.1|Photobacterium_kishitanii|ANT-2200      0.00%    passed    100.00%
   2  GCF_001676135.1|WP_065193859.1|Photobacterium_phosphoreum|AK-3         0.13%    passed    100.00%
   3  GCF_001676195.1|WP_065194415.1|Photobacterium_phosphoreum|FS1_1        0.13%    passed    100.00%
   4  GCF_001676275.1|WP_202908000.1|Photobacterium_phosphoreum|FS3_1       11.80%    passed     99.82%
   5  GCF_003025775.1|WP_107303299.1|Photobacterium_phosphoreum|FS-4.2       0.13%    passed    100.00%
   6  GCF_003025795.1|WP_065194415.1|Photobacterium_phosphoreum|FS-2.1       0.13%    passed    100.00%
   7  GCF_003025815.1|WP_338090079.1|Photobacterium_phosphoreum|FS-1.2       0.91%    passed    100.00%
   8  GCF_003025855.1|WP_065194415.1|Photobacterium_phosphoreum|FS-1.1       0.13%    passed    100.00%
   9  GCF_003025875.1|WP_338133856.1|Photobacterium_phosphoreum|AK-8         0.78%    passed     99.15%
  10  GCF_003025935.1|WP_107226104.1|Photobacterium_kishitanii|FS-7.1        0.00%    passed    100.00%
  11  GCF_003025995.1|WP_054262195.1|Photobacterium_kishitanii|Og61          0.00%    passed    100.00%
  12  GCF_003026545.1|WP_065194415.1|Photobacterium_phosphoreum|FS-2.3       0.13%    passed    100.00%
  13  GCF_003026615.1|WP_065193859.1|Photobacterium_phosphoreum|AK-3         0.13%    passed    100.00%
  14  GCF_021236685.1|WP_065194415.1|Photobacterium_phosphoreum|TMW2.2130    0.13%    passed    100.00%
  15  GCF_021236705.1|WP_232573904.1|Photobacterium_phosphoreum|TMW2.2126    0.13%    passed    100.00%
  16  GCF_021236805.1|WP_232575933.1|Photobacterium_carnosum|TMW2.2187       0.00%    passed    100.00%
  17  GCF_021237025.1|WP_065194415.1|Photobacterium_phosphoreum|TMW22033     0.13%    passed    100.00%
  18  GCF_021237045.1|WP_065194415.1|Photobacterium_phosphoreum|TMW22034     0.13%    passed    100.00%
  19  GCF_036040135.1|WP_327777331.1|Photobacterium_toruni|S2MW2             0.26%    passed    100.00%
  20  GCF_059749295.1|WP_107303299.1|Photobacterium_phosphoreum|             0.13%    passed    100.00%
  21  GCF_059749375.1|WP_065194415.1|Photobacterium_phosphoreum|             0.13%    passed    100.00%
  22  GCF_059761445.1|WP_107303299.1|Photobacterium_phosphoreum|             0.13%    passed    100.00%
  23  GCF_059761485.1|WP_107303299.1|Photobacterium_phosphoreum|             0.13%    passed    100.00%
  24  GCF_059761525.1|WP_107303299.1|Photobacterium_phosphoreum|             0.13%    passed    100.00%
  25  GCF_059761545.1|WP_498207788.1|Photobacterium_phosphoreum|             0.13%    passed    100.00%
  26  GCF_059761565.1|WP_065194415.1|Photobacterium_phosphoreum|             0.13%    passed    100.00%
  27  GCF_059761605.1|WP_498163305.1|Photobacterium_phosphoreum|             2.85%    passed    100.00%
  28  GCF_059761625.1|WP_065194415.1|Photobacterium_phosphoreum|             0.13%    passed    100.00%
  29  GCF_059761645.1|WP_065194415.1|Photobacterium_phosphoreum|             0.13%    passed    100.00%
  30  GCF_059761705.1|WP_107303299.1|Photobacterium_phosphoreum|             0.13%    passed    100.00%
  31  GCF_059761725.1|WP_413516788.1|Photobacterium_phosphoreum|             0.13%    passed    100.00%
  32  GCF_059761745.1|WP_413516788.1|Photobacterium_phosphoreum|             0.13%    passed    100.00%
  33  GCF_949787665.1|WP_107303299.1|Photobacterium_phosphoreum|MIP2473      0.13%    passed    100.00%
  34  GCF_965118505.1|WP_413516788.1|Photobacterium_phosphoreum|SF1731       0.13%    passed    100.00%
  35  GCF_965118525.1|WP_107303299.1|Photobacterium_phosphoreum|SF661-B      0.13%    passed    100.00%
  36  GCF_965119175.1|WP_413505860.1|Photobacterium_phosphoreum|MIP2569      0.13%    passed    100.00%
****  TOTAL                                                                  0.56%  0 sequences failed composition chi2 test (p-value<5%; df=19)
NOTE: GCF_003025995.1|WP_054262195.1|Photobacterium_kishitanii|Og61 is identical to GCF_000613045.3|WP_054262195.1|Photobacterium_kishitanii|ANT-2200 but kept for subsequent analysis
NOTE: GCF_003026615.1|WP_065193859.1|Photobacterium_phosphoreum|AK-3 is identical to GCF_001676135.1|WP_065193859.1|Photobacterium_phosphoreum|AK-3 but kept for subsequent analysis
NOTE: GCF_003025795.1|WP_065194415.1|Photobacterium_phosphoreum|FS-2.1 is identical to GCF_001676195.1|WP_065194415.1|Photobacterium_phosphoreum|FS1_1 but kept for subsequent analysis
NOTE: GCF_059749295.1|WP_107303299.1|Photobacterium_phosphoreum| is identical to GCF_003025775.1|WP_107303299.1|Photobacterium_phosphoreum|FS-4.2 but kept for subsequent analysis
NOTE: GCF_059761745.1|WP_413516788.1|Photobacterium_phosphoreum| is identical to GCF_059761725.1|WP_413516788.1|Photobacterium_phosphoreum| but kept for subsequent analysis
Checking for duplicate sequences: done in 0.000413895 secs using 604.7% CPU
Identifying sites to remove: done in 0.000599861 secs using 755.2% CPU
NOTE: 16 identical sequences (see below) will be ignored for subsequent analysis
NOTE: GCF_003025855.1|WP_065194415.1|Photobacterium_phosphoreum|FS-1.1 (identical to GCF_001676195.1|WP_065194415.1|Photobacterium_phosphoreum|FS1_1) is ignored but added at the end
NOTE: GCF_003026545.1|WP_065194415.1|Photobacterium_phosphoreum|FS-2.3 (identical to GCF_001676195.1|WP_065194415.1|Photobacterium_phosphoreum|FS1_1) is ignored but added at the end
NOTE: GCF_021236685.1|WP_065194415.1|Photobacterium_phosphoreum|TMW2.2130 (identical to GCF_001676195.1|WP_065194415.1|Photobacterium_phosphoreum|FS1_1) is ignored but added at the end
NOTE: GCF_021237025.1|WP_065194415.1|Photobacterium_phosphoreum|TMW22033 (identical to GCF_001676195.1|WP_065194415.1|Photobacterium_phosphoreum|FS1_1) is ignored but added at the end
NOTE: GCF_021237045.1|WP_065194415.1|Photobacterium_phosphoreum|TMW22034 (identical to GCF_001676195.1|WP_065194415.1|Photobacterium_phosphoreum|FS1_1) is ignored but added at the end
NOTE: GCF_059749375.1|WP_065194415.1|Photobacterium_phosphoreum| (identical to GCF_001676195.1|WP_065194415.1|Photobacterium_phosphoreum|FS1_1) is ignored but added at the end
NOTE: GCF_059761565.1|WP_065194415.1|Photobacterium_phosphoreum| (identical to GCF_001676195.1|WP_065194415.1|Photobacterium_phosphoreum|FS1_1) is ignored but added at the end
NOTE: GCF_059761625.1|WP_065194415.1|Photobacterium_phosphoreum| (identical to GCF_001676195.1|WP_065194415.1|Photobacterium_phosphoreum|FS1_1) is ignored but added at the end
NOTE: GCF_059761645.1|WP_065194415.1|Photobacterium_phosphoreum| (identical to GCF_001676195.1|WP_065194415.1|Photobacterium_phosphoreum|FS1_1) is ignored but added at the end
NOTE: GCF_059761445.1|WP_107303299.1|Photobacterium_phosphoreum| (identical to GCF_003025775.1|WP_107303299.1|Photobacterium_phosphoreum|FS-4.2) is ignored but added at the end
NOTE: GCF_059761485.1|WP_107303299.1|Photobacterium_phosphoreum| (identical to GCF_003025775.1|WP_107303299.1|Photobacterium_phosphoreum|FS-4.2) is ignored but added at the end
NOTE: GCF_059761525.1|WP_107303299.1|Photobacterium_phosphoreum| (identical to GCF_003025775.1|WP_107303299.1|Photobacterium_phosphoreum|FS-4.2) is ignored but added at the end
NOTE: GCF_059761705.1|WP_107303299.1|Photobacterium_phosphoreum| (identical to GCF_003025775.1|WP_107303299.1|Photobacterium_phosphoreum|FS-4.2) is ignored but added at the end
NOTE: GCF_949787665.1|WP_107303299.1|Photobacterium_phosphoreum|MIP2473 (identical to GCF_003025775.1|WP_107303299.1|Photobacterium_phosphoreum|FS-4.2) is ignored but added at the end
NOTE: GCF_965118525.1|WP_107303299.1|Photobacterium_phosphoreum|SF661-B (identical to GCF_003025775.1|WP_107303299.1|Photobacterium_phosphoreum|FS-4.2) is ignored but added at the end
NOTE: GCF_965118505.1|WP_413516788.1|Photobacterium_phosphoreum|SF1731 (identical to GCF_059761725.1|WP_413516788.1|Photobacterium_phosphoreum|) is ignored but added at the end
Alignment was printed to results/gene_phylogeny/HDC2_IQTREE/Photobacterium_HDC2_primary36.uniqueseq.phy

For your convenience alignment with unique sequences printed to results/gene_phylogeny/HDC2_IQTREE/Photobacterium_HDC2_primary36.uniqueseq.phy


Create initial parsimony tree by phylogenetic likelihood library (PLL)... 0.005 seconds
Measuring multi-threading efficiency up to 8 CPU cores
Increase to 10 rounds for branch lengths
162 trees examined
Threads: 1 / Time: 8.037 sec / Speedup: 1.000 / Efficiency: 100% / LogL: -3902
Threads: 2 / Time: 4.555 sec / Speedup: 1.765 / Efficiency: 88% / LogL: -3902
Threads: 3 / Time: 3.350 sec / Speedup: 2.399 / Efficiency: 80% / LogL: -3902
Threads: 4 / Time: 2.792 sec / Speedup: 2.879 / Efficiency: 72% / LogL: -3902
Threads: 5 / Time: 2.820 sec / Speedup: 2.850 / Efficiency: 57% / LogL: -3902
Threads: 6 / Time: 3.047 sec / Speedup: 2.638 / Efficiency: 44% / LogL: -3902
Determining AUTO threadcount: done in 24.6043 secs using 291.6% CPU
BEST NUMBER OF THREADS: 4

Perform fast likelihood tree search using LG+I+G model...
Estimate model parameters (epsilon = 5.000)
Perform nearest neighbor interchange...
Estimate model parameters (epsilon = 1.000)
1. Initial log-likelihood: -3337.305
Optimal log-likelihood: -3337.303
Proportion of invariable sites: 0.414
Gamma shape alpha: 2.134
Parameters optimization took 1 rounds (0.029 sec)
Time for fast ML tree search: 0.087 seconds

NOTE: ModelFinder requires 6 MB RAM!
ModelFinder will test up to 1232 protein models (sample size: 771 epsilon: 0.100) ...
 No. Model         -LnL         df  AIC          AICc         BIC
Akaike Information Criterion:           CPREV+F+I
Corrected Akaike Information Criterion: CPREV+F+I
Bayesian Information Criterion:         JTT+I
Best-fit model: JTT+I chosen according to BIC

All model information printed to results/gene_phylogeny/HDC2_IQTREE/Photobacterium_HDC2_primary36.model.gz
CPU time for ModelFinder: 93.580 seconds (0h:1m:33s)
Wall-clock time for ModelFinder: 29.965 seconds (0h:0m:29s)
Generating 1000 samples for ultrafast bootstrap (seed: 880829)...

NOTE: 1 MB RAM (0 GB) is required!
Estimate model parameters (epsilon = 0.100)
1. Initial log-likelihood: -3320.139
Optimal log-likelihood: -3320.085
Proportion of invariable sites: 0.542
Parameters optimization took 1 rounds (0.006 sec)
Wrote distance file to... 
Computing ML distances based on estimated model parameters...
Calculating distance matrix: done in 0.00416493 secs using 401.1% CPU
Computing ML distances took 0.004269 sec (of wall-clock time) 0.017106 sec (of CPU time)
Setting up auxiliary I and S matrices: done in 6.60419e-05 secs using 645% CPU
Constructing RapidNJ tree: done in 0.000397921 secs using 295.3% CPU
Computing RapidNJ tree took 0.000554 sec (of wall-clock time) 0.003094 sec (of CPU time)
Log-likelihood of RapidNJ tree: -3320.083
--------------------------------------------------------------------
|             INITIALIZING CANDIDATE TREE SET                      |
--------------------------------------------------------------------
Generating 98 parsimony trees... 0.123 second
Computing log-likelihood of 98 initial trees ... 0.144 seconds
Current best score: -3320.082

Do NNI search on 20 best initial trees
Estimate model parameters (epsilon = 0.100)
BETTER TREE FOUND at iteration 1: -3320.068
BETTER TREE FOUND at iteration 4: -3320.068
Iteration 10 / LogL: -3320.068 / Time: 0h:0m:30s
BETTER TREE FOUND at iteration 12: -3320.068
BETTER TREE FOUND at iteration 16: -3320.068
Iteration 20 / LogL: -3320.069 / Time: 0h:0m:30s
Finish initializing candidate tree set (20)
Current best tree score: -3320.068 / CPU time: 0.598
Number of iterations: 20
--------------------------------------------------------------------
|               OPTIMIZING CANDIDATE TREE SET                      |
--------------------------------------------------------------------
Iteration 30 / LogL: -3320.070 / Time: 0h:0m:30s (0h:0m:2s left)
Iteration 40 / LogL: -3320.069 / Time: 0h:0m:31s (0h:0m:2s left)
Iteration 50 / LogL: -3320.072 / Time: 0h:0m:31s (0h:0m:1s left)
Log-likelihood cutoff on original alignment: -3344.497
Iteration 60 / LogL: -3320.068 / Time: 0h:0m:31s (0h:0m:1s left)
BETTER TREE FOUND at iteration 61: -3320.068
BETTER TREE FOUND at iteration 64: -3320.068
Iteration 70 / LogL: -3320.068 / Time: 0h:0m:32s (0h:0m:2s left)
Iteration 80 / LogL: -3320.069 / Time: 0h:0m:32s (0h:0m:2s left)
Iteration 90 / LogL: -3320.070 / Time: 0h:0m:32s (0h:0m:2s left)
BETTER TREE FOUND at iteration 99: -3320.068
Iteration 100 / LogL: -3320.071 / Time: 0h:0m:32s (0h:0m:2s left)
Log-likelihood cutoff on original alignment: -3346.115
NOTE: Bootstrap correlation coefficient of split occurrence frequencies: 0.970
NOTE: UFBoot does not converge, continue at least 100 more iterations
Iteration 110 / LogL: -3320.073 / Time: 0h:0m:33s (0h:0m:2s left)
Iteration 120 / LogL: -3320.073 / Time: 0h:0m:33s (0h:0m:2s left)
Iteration 130 / LogL: -3320.070 / Time: 0h:0m:33s (0h:0m:2s left)
Iteration 140 / LogL: -3328.502 / Time: 0h:0m:34s (0h:0m:1s left)
Iteration 150 / LogL: -3320.072 / Time: 0h:0m:34s (0h:0m:1s left)
Log-likelihood cutoff on original alignment: -3347.049
Iteration 160 / LogL: -3320.068 / Time: 0h:0m:34s (0h:0m:1s left)
Iteration 170 / LogL: -3320.073 / Time: 0h:0m:35s (0h:0m:0s left)
Iteration 180 / LogL: -3325.111 / Time: 0h:0m:35s (0h:0m:0s left)
Iteration 190 / LogL: -3320.071 / Time: 0h:0m:35s (0h:0m:0s left)
Iteration 200 / LogL: -3320.069 / Time: 0h:0m:36s (0h:0m:0s left)
Log-likelihood cutoff on original alignment: -3347.954
NOTE: Bootstrap correlation coefficient of split occurrence frequencies: 0.985
NOTE: UFBoot does not converge, continue at least 100 more iterations
Iteration 210 / LogL: -3320.068 / Time: 0h:0m:36s (0h:0m:2s left)
Iteration 220 / LogL: -3320.070 / Time: 0h:0m:36s (0h:0m:2s left)
Iteration 230 / LogL: -3320.068 / Time: 0h:0m:37s (0h:0m:2s left)
Iteration 240 / LogL: -3320.068 / Time: 0h:0m:37s (0h:0m:1s left)
Iteration 250 / LogL: -3320.068 / Time: 0h:0m:37s (0h:0m:1s left)
Log-likelihood cutoff on original alignment: -3347.124
UPDATE BEST LOG-LIKELIHOOD: -3320.068
Iteration 260 / LogL: -3320.072 / Time: 0h:0m:38s (0h:0m:1s left)
Iteration 270 / LogL: -3320.076 / Time: 0h:0m:38s (0h:0m:0s left)
Iteration 280 / LogL: -3320.070 / Time: 0h:0m:38s (0h:0m:0s left)
Iteration 290 / LogL: -3328.505 / Time: 0h:0m:38s (0h:0m:0s left)
Iteration 300 / LogL: -3320.074 / Time: 0h:0m:39s (0h:0m:0s left)
Log-likelihood cutoff on original alignment: -3347.124
NOTE: Bootstrap correlation coefficient of split occurrence frequencies: 0.989
NOTE: UFBoot does not converge, continue at least 100 more iterations
Iteration 310 / LogL: -3320.072 / Time: 0h:0m:39s (0h:0m:2s left)
Iteration 320 / LogL: -3325.107 / Time: 0h:0m:39s (0h:0m:2s left)
Iteration 330 / LogL: -3320.069 / Time: 0h:0m:40s (0h:0m:2s left)
Iteration 340 / LogL: -3320.071 / Time: 0h:0m:40s (0h:0m:1s left)
Iteration 350 / LogL: -3320.069 / Time: 0h:0m:40s (0h:0m:1s left)
Log-likelihood cutoff on original alignment: -3346.568
Iteration 360 / LogL: -3320.068 / Time: 0h:0m:41s (0h:0m:1s left)
Iteration 370 / LogL: -3387.411 / Time: 0h:0m:41s (0h:0m:0s left)
Iteration 380 / LogL: -3320.072 / Time: 0h:0m:41s (0h:0m:0s left)
Iteration 390 / LogL: -3327.709 / Time: 0h:0m:42s (0h:0m:0s left)
Iteration 400 / LogL: -3320.071 / Time: 0h:0m:42s (0h:0m:0s left)
Log-likelihood cutoff on original alignment: -3346.959
NOTE: Bootstrap correlation coefficient of split occurrence frequencies: 0.984
NOTE: UFBoot does not converge, continue at least 100 more iterations
Iteration 410 / LogL: -3343.604 / Time: 0h:0m:42s (0h:0m:2s left)
Iteration 420 / LogL: -3320.072 / Time: 0h:0m:43s (0h:0m:2s left)
Iteration 430 / LogL: -3326.499 / Time: 0h:0m:43s (0h:0m:2s left)
Iteration 440 / LogL: -3320.072 / Time: 0h:0m:43s (0h:0m:1s left)
Iteration 450 / LogL: -3320.071 / Time: 0h:0m:44s (0h:0m:1s left)
Log-likelihood cutoff on original alignment: -3346.981
Iteration 460 / LogL: -3320.075 / Time: 0h:0m:44s (0h:0m:1s left)
Iteration 470 / LogL: -3320.071 / Time: 0h:0m:45s (0h:0m:0s left)
Iteration 480 / LogL: -3320.075 / Time: 0h:0m:45s (0h:0m:0s left)
Iteration 490 / LogL: -3320.068 / Time: 0h:0m:45s (0h:0m:0s left)
Iteration 500 / LogL: -3320.071 / Time: 0h:0m:46s (0h:0m:0s left)
Log-likelihood cutoff on original alignment: -3346.981
NOTE: Bootstrap correlation coefficient of split occurrence frequencies: 0.985
NOTE: UFBoot does not converge, continue at least 100 more iterations
Iteration 510 / LogL: -3331.262 / Time: 0h:0m:46s (0h:0m:2s left)
Iteration 520 / LogL: -3320.072 / Time: 0h:0m:46s (0h:0m:2s left)
Iteration 530 / LogL: -3320.069 / Time: 0h:0m:47s (0h:0m:2s left)
Iteration 540 / LogL: -3320.068 / Time: 0h:0m:47s (0h:0m:1s left)
Iteration 550 / LogL: -3320.069 / Time: 0h:0m:47s (0h:0m:1s left)
Log-likelihood cutoff on original alignment: -3346.624
Iteration 560 / LogL: -3320.070 / Time: 0h:0m:48s (0h:0m:1s left)
Iteration 570 / LogL: -3320.070 / Time: 0h:0m:48s (0h:0m:0s left)
Iteration 580 / LogL: -3320.070 / Time: 0h:0m:48s (0h:0m:0s left)
Iteration 590 / LogL: -3320.069 / Time: 0h:0m:49s (0h:0m:0s left)
Iteration 600 / LogL: -3320.071 / Time: 0h:0m:49s (0h:0m:0s left)
Log-likelihood cutoff on original alignment: -3346.624
NOTE: Bootstrap correlation coefficient of split occurrence frequencies: 0.992
TREE SEARCH COMPLETED AFTER 600 ITERATIONS / Time: 0h:0m:49s

--------------------------------------------------------------------
|                    FINALIZING TREE SEARCH                        |
--------------------------------------------------------------------
Performs final model parameters optimization
Estimate model parameters (epsilon = 0.010)
1. Initial log-likelihood: -3320.068
Optimal log-likelihood: -3320.068
Proportion of invariable sites: 0.543
Parameters optimization took 1 rounds (0.004 sec)
BEST SCORE FOUND : -3320.068

Testing tree branches by SH-like aLRT with 1000 replicates...
0.085 sec.
Creating bootstrap support values...
Split supports printed to NEXUS file results/gene_phylogeny/HDC2_IQTREE/Photobacterium_HDC2_primary36.splits.nex
Total tree length: 0.227

Total number of iterations: 600
CPU time used for tree search: 77.655 sec (0h:1m:17s)
Wall-clock time used for tree search: 19.585 sec (0h:0m:19s)
Total CPU time used: 172.038 sec (0h:2m:52s)
Total wall-clock time used: 49.753 sec (0h:0m:49s)

Computing bootstrap consensus tree...
Reading input file results/gene_phylogeny/HDC2_IQTREE/Photobacterium_HDC2_primary36.splits.nex...
20 taxa and 306 splits.
Consensus tree written to results/gene_phylogeny/HDC2_IQTREE/Photobacterium_HDC2_primary36.contree
Reading input trees file results/gene_phylogeny/HDC2_IQTREE/Photobacterium_HDC2_primary36.contree
Log-likelihood of consensus tree: -3320.088

Analysis results written to: 
  IQ-TREE report:                results/gene_phylogeny/HDC2_IQTREE/Photobacterium_HDC2_primary36.iqtree
  Maximum-likelihood tree:       results/gene_phylogeny/HDC2_IQTREE/Photobacterium_HDC2_primary36.treefile
  Likelihood distances:          results/gene_phylogeny/HDC2_IQTREE/Photobacterium_HDC2_primary36.mldist

Ultrafast bootstrap approximation results written to:
  Split support values:          results/gene_phylogeny/HDC2_IQTREE/Photobacterium_HDC2_primary36.splits.nex
  Consensus tree:                results/gene_phylogeny/HDC2_IQTREE/Photobacterium_HDC2_primary36.contree
  Screen log file:               results/gene_phylogeny/HDC2_IQTREE/Photobacterium_HDC2_primary36.log

Date and Time: Sat Sep 19 21:01:58 2026
